// Jest Snapshot v1, https://goo.gl/fbAQLP

exports[`Login component being rendered should be a login component 1`] = `
ShallowWrapper {
  Symbol(enzyme.__root__): [Circular],
  Symbol(enzyme.__unrendered__): <Login />,
  Symbol(enzyme.__renderer__): Object {
    "batchedUpdates": [Function],
    "checkPropTypes": [Function],
    "getNode": [Function],
    "render": [Function],
    "simulateError": [Function],
    "simulateEvent": [Function],
    "unmount": [Function],
  },
  Symbol(enzyme.__node__): Object {
    "instance": null,
    "key": undefined,
    "nodeType": "class",
    "props": Object {
      "centered": true,
      "children": <div
        className="modals"
      >
        <ModalHeader>
          <h1>
            Login
          </h1>
        </ModalHeader>
        <br />
        <div>
          <Connect(LoginForm) />
        </div>
      </div>,
      "closeIcon": true,
      "closeOnDimmerClick": true,
      "closeOnDocumentClick": false,
      "dimmer": true,
      "eventPool": "Modal",
      "id": "the-modal",
      "size": "mini",
      "style": Object {
        "display": "none",
      },
      "trigger": <div>
        Log in
      </div>,
    },
    "ref": null,
    "rendered": Object {
      "instance": null,
      "key": undefined,
      "nodeType": "host",
      "props": Object {
        "children": Array [
          <ModalHeader>
            <h1>
              Login
            </h1>
          </ModalHeader>,
          <br />,
          <div>
            <Connect(LoginForm) />
          </div>,
        ],
        "className": "modals",
      },
      "ref": null,
      "rendered": Array [
        Object {
          "instance": null,
          "key": undefined,
          "nodeType": "function",
          "props": Object {
            "children": <h1>
              Login
            </h1>,
          },
          "ref": null,
          "rendered": Object {
            "instance": null,
            "key": undefined,
            "nodeType": "host",
            "props": Object {
              "children": "Login",
            },
            "ref": null,
            "rendered": "Login",
            "type": "h1",
          },
          "type": [Function],
        },
        Object {
          "instance": null,
          "key": undefined,
          "nodeType": "host",
          "props": Object {},
          "ref": null,
          "rendered": null,
          "type": "br",
        },
        Object {
          "instance": null,
          "key": undefined,
          "nodeType": "host",
          "props": Object {
            "children": <Connect(LoginForm) />,
          },
          "ref": null,
          "rendered": Object {
            "instance": null,
            "key": undefined,
            "nodeType": "class",
            "props": Object {},
            "ref": null,
            "rendered": null,
            "type": [Function],
          },
          "type": "div",
        },
      ],
      "type": "div",
    },
    "type": [Function],
  },
  Symbol(enzyme.__nodes__): Array [
    Object {
      "instance": null,
      "key": undefined,
      "nodeType": "class",
      "props": Object {
        "centered": true,
        "children": <div
          className="modals"
        >
          <ModalHeader>
            <h1>
              Login
            </h1>
          </ModalHeader>
          <br />
          <div>
            <Connect(LoginForm) />
          </div>
        </div>,
        "closeIcon": true,
        "closeOnDimmerClick": true,
        "closeOnDocumentClick": false,
        "dimmer": true,
        "eventPool": "Modal",
        "id": "the-modal",
        "size": "mini",
        "style": Object {
          "display": "none",
        },
        "trigger": <div>
          Log in
        </div>,
      },
      "ref": null,
      "rendered": Object {
        "instance": null,
        "key": undefined,
        "nodeType": "host",
        "props": Object {
          "children": Array [
            <ModalHeader>
              <h1>
                Login
              </h1>
            </ModalHeader>,
            <br />,
            <div>
              <Connect(LoginForm) />
            </div>,
          ],
          "className": "modals",
        },
        "ref": null,
        "rendered": Array [
          Object {
            "instance": null,
            "key": undefined,
            "nodeType": "function",
            "props": Object {
              "children": <h1>
                Login
              </h1>,
            },
            "ref": null,
            "rendered": Object {
              "instance": null,
              "key": undefined,
              "nodeType": "host",
              "props": Object {
                "children": "Login",
              },
              "ref": null,
              "rendered": "Login",
              "type": "h1",
            },
            "type": [Function],
          },
          Object {
            "instance": null,
            "key": undefined,
            "nodeType": "host",
            "props": Object {},
            "ref": null,
            "rendered": null,
            "type": "br",
          },
          Object {
            "instance": null,
            "key": undefined,
            "nodeType": "host",
            "props": Object {
              "children": <Connect(LoginForm) />,
            },
            "ref": null,
            "rendered": Object {
              "instance": null,
              "key": undefined,
              "nodeType": "class",
              "props": Object {},
              "ref": null,
              "rendered": null,
              "type": [Function],
            },
            "type": "div",
          },
        ],
        "type": "div",
      },
      "type": [Function],
    },
  ],
  Symbol(enzyme.__options__): Object {
    "adapter": ReactSixteenAdapter {
      "options": Object {
        "enableComponentDidUpdateOnSetState": true,
        "legacyContextMode": "parent",
        "lifecycles": Object {
          "componentDidUpdate": Object {
            "onSetState": true,
          },
          "getChildContext": Object {
            "calledByRenderer": false,
          },
          "getDerivedStateFromProps": true,
          "getSnapshotBeforeUpdate": true,
          "setState": Object {
            "skipsComponentDidUpdateOnNullish": true,
          },
        },
      },
    },
  },
}
`;
